18:58:41 detail Stadt A 27 Jahre 15.6s
18:59:01 detail Stadtbezirk 01 27 Jahre 19.6s
18:59:20 detail Stadtbezirk 02 27 Jahre 19.5s
18:59:43 detail Stadtbezirk 03 27 Jahre 23.0s
19:00:04 detail Stadtbezirk 04 27 Jahre 20.4s
19:00:23 detail Stadtbezirk 05 27 Jahre 19.7s
19:00:37 detail Stadtbezirk 06 27 Jahre 13.6s
19:00:49 detail Stadtbezirk 07 27 Jahre 12.1s
19:01:04 detail Stadtbezirk 08 27 Jahre 14.7s
19:01:18 detail Stadtbezirk 09 27 Jahre 14.3s
19:01:29 detail Stadtbezirk 10 27 Jahre 11.1s
19:01:39 detail Stadtbezirk 11 27 Jahre 10.1s
19:01:50 detail Stadtbezirk 13 27 Jahre 11.0s
19:02:03 detail Stadtbezirk 14 27 Jahre 12.5s
19:02:15 detail Stadtbezirk 15 27 Jahre 12.0s
19:02:21 detail Stadtbezirk 16 27 Jahre 6.3s
19:02:31 detail Stadtbezirk 17 27 Jahre 9.7s
19:02:41 detail Stadtbezirk 18 26 Jahre 10.1s
19:02:51 detail Stadtbezirk 19 27 Jahre 9.7s
19:03:01 detail Stadtbezirk 20 27 Jahre 10.4s
19:03:10 detail Stadtbezirk 21 27 Jahre 9.4s
19:03:20 detail Stadtbezirk 22 27 Jahre 9.4s
19:03:30 detail Stadtbezirk 23 27 Jahre 9.8s
19:03:39 detail Stadtbezirk 24 27 Jahre 9.4s
19:03:52 detail Stadtbezirk 25 27 Jahre 13.0s
19:04:06 detail Stadtbezirk 26 27 Jahre 13.6s
19:04:22 detail Stadtbezirk 27 27 Jahre 16.5s
19:04:31 detail Stadtbezirk 28 27 Jahre 8.6s
19:04:42 detail Stadtbezirk 29 27 Jahre 11.3s
19:04:53 detail Stadtbezirk 30 27 Jahre 10.6s
19:05:04 detail Stadtbezirk 31 27 Jahre 11.1s
19:05:17 detail Stadtbezirk 32 27 Jahre 13.5s
19:05:33 detail Stadtbezirk 33 27 Jahre 15.6s
19:05:44 detail Stadtbezirk 34 27 Jahre 11.3s
19:05:56 detail Stadtbezirk 35 27 Jahre 11.4s
19:06:08 detail Stadtbezirk 36 27 Jahre 12.4s
19:06:20 detail Stadtbezirk 37 27 Jahre 11.5s
19:06:37 detail Stadtbezirk 38 27 Jahre 16.9s
19:06:48 detail Stadtbezirk 39 27 Jahre 11.3s
19:07:01 detail Stadtbezirk 40 27 Jahre 13.3s
19:07:17 detail Stadtbezirk 41 27 Jahre 16.2s
19:07:36 detail Stadtbezirk 42 27 Jahre 18.3s
19:07:52 detail Stadtbezirk 99 27 Jahre 15.9s
19:08:02 detail Planungsraum XX 27 Jahre 10.1s
19:08:12 detail Planungsraum I 27 Jahre 10.6s
19:08:19 detail Planungsraum II 27 Jahre 6.4s
19:08:25 detail Planungsraum III 27 Jahre 5.9s
19:08:31 detail Planungsraum IV 27 Jahre 6.1s
19:08:37 detail Planungsraum V 27 Jahre 6.0s
19:08:42 detail Planungsraum VI 27 Jahre 5.7s
19:08:51 detail Planungsraum VII 27 Jahre 8.4s
19:09:00 detail Planungsraum VIII 27 Jahre 9.6s
19:09:14 detail Planungsraum IX 27 Jahre 13.9s
19:09:24 detail Planungsraum X 27 Jahre 9.4s
19:09:32 detail Planungsraum XI 27 Jahre 8.7s
19:09:38 detail Planungsraum XII 27 Jahre 6.1s
19:09:44 detail Planungsraum XIII 27 Jahre 5.1s
19:09:49 detail Planungsraum XIV 27 Jahre 5.7s
19:09:54 detail Planungsraum XV 27 Jahre 5.2s
19:10:01 detail Planungsraum XVI 27 Jahre 6.1s
19:10:06 detail Planungsraum XVII 27 Jahre 5.5s
19:10:12 detail Sozialregion SoR01 27 Jahre 6.1s
19:10:16 detail Sozialregion SoR02 27 Jahre 3.4s
19:10:20 detail Sozialregion SoR03 27 Jahre 3.9s
19:10:26 detail Sozialregion SoR04 27 Jahre 6.1s
19:10:29 detail Sozialregion SoR05 27 Jahre 3.1s
19:10:33 detail Sozialregion SoR99 27 Jahre 4.7s
19:10:39 detail Altenhilfe VRA01 27 Jahre 5.9s
19:10:43 detail Altenhilfe VRA02 27 Jahre 4.2s
19:10:48 detail Altenhilfe VRA03 27 Jahre 4.7s
19:10:53 detail Altenhilfe VRA04 27 Jahre 4.8s
19:10:59 detail Altenhilfe VRA05 27 Jahre 6.1s
19:11:06 detail Altenhilfe VRA06 27 Jahre 7.3s
19:11:13 detail Altenhilfe VRA07 27 Jahre 6.2s
19:11:22 detail Altenhilfe VRA08 27 Jahre 9.3s
19:11:27 detail Altenhilfe VRA09 27 Jahre 5.1s
19:11:33 detail Altenhilfe VRA10 27 Jahre 5.6s
19:11:36 detail Altenhilfe VRA11 27 Jahre 3.2s
19:11:41 detail Altenhilfe VRA12 27 Jahre 4.9s
19:11:45 detail Altenhilfe VRA99 27 Jahre 4.5s
19:11:51 detail Sozialmonitoringbezirk SMB01 27 Jahre 5.7s
19:11:55 detail Sozialmonitoringbezirk SMB02 27 Jahre 4.4s
19:12:02 detail Sozialmonitoringbezirk SMB03 27 Jahre 6.8s
19:12:08 detail Sozialmonitoringbezirk SMB04 27 Jahre 5.8s
19:12:19 detail Sozialmonitoringbezirk SMB05 27 Jahre 11.7s
19:12:27 detail Sozialmonitoringbezirk SMB06 27 Jahre 8.0s
19:12:34 detail Sozialmonitoringbezirk SMB07 27 Jahre 6.8s
19:12:41 detail Sozialmonitoringbezirk SMB08 27 Jahre 7.0s
19:12:48 detail Sozialmonitoringbezirk SMB09 27 Jahre 6.6s
19:12:56 detail Sozialmonitoringbezirk SMB10 27 Jahre 8.3s
19:13:03 detail Sozialmonitoringbezirk SMB11 27 Jahre 6.8s
19:13:08 detail Sozialmonitoringbezirk SMB12 27 Jahre 5.6s
19:13:16 detail Sozialmonitoringbezirk SMB13 27 Jahre 7.4s
19:13:21 detail Sozialmonitoringbezirk SMB14 27 Jahre 4.9s
19:13:28 detail Sozialmonitoringbezirk SMB17 27 Jahre 7.0s
19:13:33 detail Sozialmonitoringbezirk SMB18 27 Jahre 5.4s
19:13:36 detail Sozialmonitoringbezirk SMB19 27 Jahre 3.3s
19:13:42 detail Sozialmonitoringbezirk SMB20 27 Jahre 5.7s
19:13:50 detail Sozialmonitoringbezirk SMB21 27 Jahre 7.7s
19:13:56 detail Sozialmonitoringbezirk SMB22 27 Jahre 6.1s
19:14:02 detail Sozialmonitoringbezirk SMB23 27 Jahre 6.1s
19:14:06 detail Sozialmonitoringbezirk SMB24 27 Jahre 4.0s
19:14:11 detail Sozialmonitoringbezirk SMB99 27 Jahre 4.5s
19:14:15 detail Stadtteil AZ01 27 Jahre 4.4s
19:14:19 detail Stadtteil AZ02 27 Jahre 4.4s
19:14:23 detail Stadtteil AZ03 27 Jahre 3.6s
19:14:27 detail Stadtteil AZ04 27 Jahre 3.7s
19:14:30 detail Stadtteil AZ05 27 Jahre 3.3s
19:14:35 detail Stadtteil AZ06 27 Jahre 4.7s
19:14:42 detail Stadtteil AZ07 27 Jahre 7.0s
19:14:52 detail Stadtteil AZ08 27 Jahre 10.4s
[TypeError: fetch failed] {
  [cause]: ConnectTimeoutError: Connect Timeout Error (attempted address: statistikinteraktiv.augsburg.de:443, timeout: 10000ms)
      at onConnectTimeout (C:\Users\alexa\Desktop\StatistikInteraktiv\tools\node_modules\undici\lib\core\connect.js:237:24)
      at Immediate._onImmediate (C:\Users\alexa\Desktop\StatistikInteraktiv\tools\node_modules\undici\lib\core\connect.js:188:35)
      at process.processImmediate (node:internal/timers:574:21) {
    code: 'UND_ERR_CONNECT_TIMEOUT',
    Symbol(undici.error.UND_ERR): true,
    Symbol(undici.error.UND_ERR_CONNECT_TIMEOUT): true
  }
}
