19:00:58 select Stadtbezirk 2017
19:01:00 select Stadtbezirk 2018
19:01:03 select Stadtbezirk 2019
19:01:04 select Stadtbezirk 2020
19:01:06 select Stadtbezirk 2021
19:01:09 select Stadtbezirk 2022
19:01:11 select Stadtbezirk 2023
19:01:12 select Stadtbezirk 2024
19:01:13 select Planungsraum 1999
19:01:14 select Planungsraum 2000
19:01:15 select Planungsraum 2001
19:01:16 select Planungsraum 2002
19:01:17 select Planungsraum 2003
19:01:18 select Planungsraum 2004
19:01:19 select Planungsraum 2005
19:01:21 select Planungsraum 2006
19:01:23 select Planungsraum 2007
19:01:24 select Planungsraum 2008
19:01:26 select Planungsraum 2009
19:01:27 select Planungsraum 2010
19:01:29 select Planungsraum 2011
19:01:30 select Planungsraum 2012
TypeError: terminated
    at Fetch.onAborted (node:internal/deps/undici/undici:13842:53)
    at Fetch.emit (node:events:514:28)
    at Fetch.terminate (node:internal/deps/undici/undici:12972:14)
    at Object.onError (node:internal/deps/undici/undici:13976:38)
    at Request.onError (C:\Users\alexa\Desktop\StatistikInteraktiv\tools\node_modules\undici\lib\core\request.js:303:27)
    at Object.errorRequest (C:\Users\alexa\Desktop\StatistikInteraktiv\tools\node_modules\undici\lib\core\util.js:638:13)
    at TLSSocket.<anonymous> (C:\Users\alexa\Desktop\StatistikInteraktiv\tools\node_modules\undici\lib\dispatcher\client-h1.js:802:12)
    at TLSSocket.emit (node:events:526:24)
    at node:net:362:12
    at TCP.done (node:internal/tls/wrap:770:7) {
  [cause]: SocketError: other side closed
      at TLSSocket.<anonymous> (C:\Users\alexa\Desktop\StatistikInteraktiv\tools\node_modules\undici\lib\dispatcher\client-h1.js:766:24)
      at TLSSocket.emit (node:events:526:24)
      at endReadableNT (node:internal/streams/readable:1757:12)
      at process.processTicksAndRejections (node:internal/process/task_queues:90:21) {
    code: 'UND_ERR_SOCKET',
    socket: {
      localAddress: '192.168.178.173',
      localPort: 57601,
      remoteAddress: '194.246.72.14',
      remotePort: 443,
      remoteFamily: 'IPv4',
      timeout: undefined,
      bytesWritten: 9072,
      bytesRead: 579185
    },
    Symbol(undici.error.UND_ERR): true,
    Symbol(undici.error.UND_ERR_SOCKET): true
  }
}
