18:58:36 vergleich Stadtbezirk 2000
18:58:37 vergleich Stadtbezirk 1999
18:58:38 vergleich Stadtbezirk 2001
18:58:50 vergleich Stadtbezirk 2002
18:58:51 vergleich Stadtbezirk 2004
18:58:51 vergleich Stadtbezirk 2003
18:59:05 vergleich Stadtbezirk 2005
18:59:07 vergleich Stadtbezirk 2007
18:59:10 vergleich Stadtbezirk 2006
18:59:20 vergleich Stadtbezirk 2008
18:59:22 vergleich Stadtbezirk 2009
18:59:26 vergleich Stadtbezirk 2011
18:59:38 vergleich Stadtbezirk 2012
18:59:39 vergleich Stadtbezirk 2013
18:59:44 vergleich Stadtbezirk 2014
18:59:55 vergleich Stadtbezirk 2015
18:59:58 vergleich Stadtbezirk 2016
19:00:02 vergleich Stadtbezirk 2017
19:00:11 vergleich Stadtbezirk 2018
19:00:14 vergleich Stadtbezirk 2019
19:00:19 vergleich Stadtbezirk 2020
19:00:25 vergleich Stadtbezirk 2021
19:00:25 vergleich Stadtbezirk 2022
19:00:33 vergleich Stadtbezirk 2023
19:00:36 vergleich Stadtbezirk 2024
19:00:37 vergleich Stadtbezirk 2025
19:00:42 vergleich Planungsraum 1999
19:00:47 vergleich Planungsraum 2000
19:00:47 vergleich Planungsraum 2001
19:00:51 vergleich Planungsraum 2002
19:00:56 vergleich Planungsraum 2004
19:00:56 vergleich Planungsraum 2003
19:01:03 vergleich Planungsraum 2005
19:01:11 vergleich Planungsraum 2006
19:01:13 vergleich Planungsraum 2007
19:01:15 vergleich Planungsraum 2008
19:01:20 vergleich Planungsraum 2009
19:01:21 vergleich Planungsraum 2010
19:01:25 vergleich Planungsraum 2011
19:01:31 vergleich Planungsraum 2012
19:01:32 vergleich Planungsraum 2013
19:01:34 vergleich Planungsraum 2014
19:01:40 vergleich Planungsraum 2015
19:01:41 vergleich Planungsraum 2016
19:01:44 vergleich Planungsraum 2017
19:01:49 vergleich Planungsraum 2018
19:01:51 vergleich Planungsraum 2019
19:01:52 vergleich Planungsraum 2020
19:01:57 vergleich Planungsraum 2021
19:01:59 vergleich Planungsraum 2022
19:02:01 vergleich Planungsraum 2023
19:02:06 vergleich Planungsraum 2024
19:02:07 vergleich Planungsraum 2025
19:02:09 vergleich Sozialregion 1999
19:02:12 vergleich Sozialregion 2000
19:02:13 vergleich Sozialregion 2001
19:02:15 vergleich Sozialregion 2002
19:02:19 vergleich Sozialregion 2003
19:02:20 vergleich Sozialregion 2004
19:02:20 vergleich Sozialregion 2005
19:02:26 vergleich Sozialregion 2006
19:02:26 vergleich Sozialregion 2007
19:02:28 vergleich Sozialregion 2008
19:02:33 vergleich Sozialregion 2009
19:02:34 vergleich Sozialregion 2010
19:02:36 vergleich Sozialregion 2011
19:02:41 vergleich Sozialregion 2012
19:02:42 vergleich Sozialregion 2013
19:02:44 vergleich Sozialregion 2014
19:02:49 vergleich Sozialregion 2015
19:02:51 vergleich Sozialregion 2016
19:02:54 vergleich Sozialregion 2017
19:02:58 vergleich Sozialregion 2018
19:02:59 vergleich Sozialregion 2019
19:03:01 vergleich Sozialregion 2020
19:03:07 vergleich Sozialregion 2021
19:03:08 vergleich Sozialregion 2022
19:03:10 vergleich Sozialregion 2023
19:03:16 vergleich Sozialregion 2024
19:03:17 vergleich Sozialregion 2025
19:03:19 vergleich Altenhilfe 1999
19:03:24 vergleich Altenhilfe 2000
19:03:26 vergleich Altenhilfe 2001
19:03:28 vergleich Altenhilfe 2002
19:03:34 vergleich Altenhilfe 2003
19:03:35 vergleich Altenhilfe 2004
19:03:36 vergleich Altenhilfe 2005
19:03:43 vergleich Altenhilfe 2006
19:03:44 vergleich Altenhilfe 2007
19:03:45 vergleich Altenhilfe 2008
19:03:52 vergleich Altenhilfe 2010
19:03:54 vergleich Altenhilfe 2009
19:03:54 vergleich Altenhilfe 2011
19:04:02 vergleich Altenhilfe 2012
19:04:03 vergleich Altenhilfe 2013
19:04:03 vergleich Altenhilfe 2014
19:04:12 vergleich Altenhilfe 2015
19:04:13 vergleich Altenhilfe 2016
19:04:14 vergleich Altenhilfe 2017
19:04:24 vergleich Altenhilfe 2018
19:04:25 vergleich Altenhilfe 2019
19:04:25 vergleich Altenhilfe 2020
19:04:31 vergleich Altenhilfe 2022
19:04:31 vergleich Altenhilfe 2021
19:04:32 vergleich Altenhilfe 2023
19:04:37 vergleich Altenhilfe 2024
19:04:37 vergleich Altenhilfe 2025
19:04:39 vergleich Sozialmonitoringbezirk 1999
19:04:46 vergleich Sozialmonitoringbezirk 2001
19:04:46 vergleich Sozialmonitoringbezirk 2000
19:04:48 vergleich Sozialmonitoringbezirk 2002
19:04:54 vergleich Sozialmonitoringbezirk 2003
19:04:55 vergleich Sozialmonitoringbezirk 2004
19:04:57 vergleich Sozialmonitoringbezirk 2005
19:05:05 vergleich Sozialmonitoringbezirk 2007
19:05:05 vergleich Sozialmonitoringbezirk 2006
19:05:07 vergleich Sozialmonitoringbezirk 2008
19:05:20 vergleich Sozialmonitoringbezirk 2009
19:05:22 vergleich Sozialmonitoringbezirk 2010
19:05:24 vergleich Sozialmonitoringbezirk 2011
19:05:34 vergleich Sozialmonitoringbezirk 2012
19:05:35 vergleich Sozialmonitoringbezirk 2013
19:05:39 vergleich Sozialmonitoringbezirk 2014
19:05:46 vergleich Sozialmonitoringbezirk 2015
19:05:46 vergleich Sozialmonitoringbezirk 2016
19:05:49 vergleich Sozialmonitoringbezirk 2017
19:05:59 vergleich Sozialmonitoringbezirk 2019
19:05:59 vergleich Sozialmonitoringbezirk 2018
19:06:02 vergleich Sozialmonitoringbezirk 2020
19:06:09 vergleich Sozialmonitoringbezirk 2022
19:06:10 vergleich Sozialmonitoringbezirk 2021
19:06:13 vergleich Sozialmonitoringbezirk 2023
19:06:18 vergleich Sozialmonitoringbezirk 2024
19:06:19 vergleich Sozialmonitoringbezirk 2025
19:06:22 vergleich Stadtteil 1999
19:06:31 vergleich Stadtteil 2001
19:06:32 vergleich Stadtteil 2000
19:06:36 vergleich Stadtteil 2002
19:06:40 vergleich Stadtteil 2003
19:06:43 vergleich Stadtteil 2004
19:06:47 vergleich Stadtteil 2005
19:06:51 vergleich Stadtteil 2006
19:06:57 vergleich Stadtteil 2007
19:06:59 vergleich Stadtteil 2008
19:07:06 vergleich Stadtteil 2009
19:07:10 vergleich Stadtteil 2011
19:07:11 vergleich Stadtteil 2010
19:07:18 vergleich Stadtteil 2012
19:07:26 vergleich Stadtteil 2014
19:07:26 vergleich Stadtteil 2013
19:07:35 vergleich Stadtteil 2015
19:07:41 vergleich Stadtteil 2016
19:07:43 vergleich Stadtteil 2017
19:07:50 vergleich Stadtteil 2018
19:07:54 vergleich Stadtteil 2019
19:07:56 vergleich Stadtteil 2020
19:08:02 vergleich Stadtteil 2021
19:08:06 vergleich Stadtteil 2022
19:08:09 vergleich Stadtteil 2023
19:08:12 vergleich Stadtteil 2024
19:08:14 vergleich Stadtteil 2025
19:08:15 vergleich Stadtregion 1999
19:08:18 vergleich Stadtregion 2000
19:08:19 vergleich Stadtregion 2001
19:08:21 vergleich Stadtregion 2002
19:08:24 vergleich Stadtregion 2003
19:08:25 vergleich Stadtregion 2004
19:08:27 vergleich Stadtregion 2005
19:08:31 vergleich Stadtregion 2006
19:08:31 vergleich Stadtregion 2007
19:08:34 vergleich Stadtregion 2008
19:08:37 vergleich Stadtregion 2009
19:08:38 vergleich Stadtregion 2010
19:08:40 vergleich Stadtregion 2011
19:08:44 vergleich Stadtregion 2012
19:08:45 vergleich Stadtregion 2013
19:08:47 vergleich Stadtregion 2014
19:08:53 vergleich Stadtregion 2015
19:08:53 vergleich Stadtregion 2016
19:08:58 vergleich Stadtregion 2017
19:09:06 vergleich Stadtregion 2018
19:09:08 vergleich Stadtregion 2019
19:09:15 vergleich Stadtregion 2020
19:09:17 vergleich Stadtregion 2022
19:09:18 vergleich Stadtregion 2021
19:09:25 vergleich Stadtregion 2023
19:09:28 vergleich Stadtregion 2025
19:09:28 vergleich Stadtregion 2024
19:09:28 fertig in 663 s
