18:58:28 zeitreihe Stadt A
18:58:29 zeitreihe Stadtbezirk 01
18:58:29 zeitreihe Stadtbezirk 02
18:58:30 zeitreihe Stadtbezirk 05
18:58:31 zeitreihe Stadtbezirk 03
18:58:31 zeitreihe Stadtbezirk 04
18:58:32 zeitreihe Stadtbezirk 06
18:58:32 zeitreihe Stadtbezirk 07
18:58:33 zeitreihe Stadtbezirk 08
18:58:34 zeitreihe Stadtbezirk 10
18:58:34 zeitreihe Stadtbezirk 09
18:58:34 zeitreihe Stadtbezirk 11
18:58:36 zeitreihe Stadtbezirk 14
18:58:36 zeitreihe Stadtbezirk 13
18:58:37 zeitreihe Stadtbezirk 16
18:58:37 zeitreihe Stadtbezirk 15
18:58:37 zeitreihe Stadtbezirk 17
18:58:38 zeitreihe Stadtbezirk 19
18:58:39 zeitreihe Stadtbezirk 20
18:58:39 zeitreihe Stadtbezirk 21
18:58:40 zeitreihe Stadtbezirk 22
18:58:40 zeitreihe Stadtbezirk 23
18:58:41 zeitreihe Stadtbezirk 24
18:58:41 zeitreihe Stadtbezirk 25
18:58:42 zeitreihe Stadtbezirk 26
18:58:42 zeitreihe Stadtbezirk 27
18:58:44 zeitreihe Stadtbezirk 29
18:58:44 zeitreihe Stadtbezirk 28
18:58:45 zeitreihe Stadtbezirk 30
18:58:46 zeitreihe Stadtbezirk 33
18:58:49 zeitreihe Stadtbezirk 32
18:58:49 zeitreihe Stadtbezirk 31
18:58:49 zeitreihe Stadtbezirk 34
18:58:51 zeitreihe Stadtbezirk 37
18:58:51 zeitreihe Stadtbezirk 36
18:58:52 zeitreihe Stadtbezirk 35
18:58:53 zeitreihe Stadtbezirk 38
18:58:54 zeitreihe Stadtbezirk 39
18:58:54 zeitreihe Stadtbezirk 40
18:58:56 zeitreihe Stadtbezirk 42
18:58:56 zeitreihe Stadtbezirk 99
18:58:56 zeitreihe Stadtbezirk 41
18:58:57 zeitreihe Planungsraum XX
18:58:57 zeitreihe Planungsraum I
18:58:57 zeitreihe Planungsraum II
18:58:58 zeitreihe Planungsraum III
18:58:59 zeitreihe Planungsraum IV
18:58:59 zeitreihe Planungsraum V
18:59:00 zeitreihe Planungsraum VI
18:59:00 zeitreihe Planungsraum VII
18:59:01 zeitreihe Planungsraum VIII
18:59:01 zeitreihe Planungsraum IX
18:59:02 zeitreihe Planungsraum XI
18:59:03 zeitreihe Planungsraum XII
18:59:03 zeitreihe Planungsraum X
18:59:04 zeitreihe Planungsraum XIII
18:59:04 zeitreihe Planungsraum XIV
18:59:04 zeitreihe Planungsraum XV
18:59:06 zeitreihe Planungsraum XVI
18:59:06 zeitreihe Planungsraum XVII
18:59:06 zeitreihe Sozialregion SoR01
18:59:07 zeitreihe Sozialregion SoR02
18:59:08 zeitreihe Sozialregion SoR03
18:59:08 zeitreihe Sozialregion SoR04
18:59:09 zeitreihe Sozialregion SoR05
18:59:10 zeitreihe Sozialregion SoR99
18:59:10 zeitreihe Altenhilfe VRA02
18:59:11 zeitreihe Altenhilfe VRA01
18:59:11 zeitreihe Altenhilfe VRA03
18:59:11 zeitreihe Altenhilfe VRA04
18:59:12 zeitreihe Altenhilfe VRA05
18:59:13 zeitreihe Altenhilfe VRA06
18:59:13 zeitreihe Altenhilfe VRA07
18:59:13 zeitreihe Altenhilfe VRA08
18:59:14 zeitreihe Altenhilfe VRA09
18:59:14 zeitreihe Altenhilfe VRA10
18:59:15 zeitreihe Altenhilfe VRA11
18:59:16 zeitreihe Altenhilfe VRA12
18:59:16 zeitreihe Altenhilfe VRA99
18:59:18 zeitreihe Sozialmonitoringbezirk SMB01
18:59:19 zeitreihe Sozialmonitoringbezirk SMB04
18:59:20 zeitreihe Sozialmonitoringbezirk SMB02
18:59:20 zeitreihe Sozialmonitoringbezirk SMB03
18:59:21 zeitreihe Sozialmonitoringbezirk SMB05
18:59:23 zeitreihe Sozialmonitoringbezirk SMB06
18:59:24 zeitreihe Sozialmonitoringbezirk SMB07
18:59:24 zeitreihe Sozialmonitoringbezirk SMB08
18:59:25 zeitreihe Sozialmonitoringbezirk SMB09
18:59:25 zeitreihe Sozialmonitoringbezirk SMB10
18:59:26 zeitreihe Sozialmonitoringbezirk SMB11
18:59:27 zeitreihe Sozialmonitoringbezirk SMB12
18:59:29 zeitreihe Sozialmonitoringbezirk SMB14
18:59:30 zeitreihe Sozialmonitoringbezirk SMB17
18:59:30 zeitreihe Sozialmonitoringbezirk SMB13
18:59:30 zeitreihe Sozialmonitoringbezirk SMB18
18:59:32 zeitreihe Sozialmonitoringbezirk SMB19
18:59:32 zeitreihe Sozialmonitoringbezirk SMB21
18:59:34 zeitreihe Sozialmonitoringbezirk SMB20
18:59:36 zeitreihe Sozialmonitoringbezirk SMB23
18:59:36 zeitreihe Sozialmonitoringbezirk SMB24
18:59:37 zeitreihe Sozialmonitoringbezirk SMB22
18:59:38 zeitreihe Sozialmonitoringbezirk SMB99
18:59:39 zeitreihe Stadtteil AZ01
18:59:40 zeitreihe Stadtteil AZ03
18:59:41 zeitreihe Stadtteil AZ04
18:59:41 zeitreihe Stadtteil AZ02
18:59:42 zeitreihe Stadtteil AZ05
18:59:43 zeitreihe Stadtteil AZ06
18:59:43 zeitreihe Stadtteil AZ08
18:59:44 zeitreihe Stadtteil AZ07
18:59:44 zeitreihe Stadtteil AZ09
18:59:46 zeitreihe Stadtteil AZ11
18:59:46 zeitreihe Stadtteil AZ10
18:59:47 zeitreihe Stadtteil AZ12
18:59:51 zeitreihe Stadtteil AZ14
18:59:52 zeitreihe Stadtteil AZ13
18:59:52 zeitreihe Stadtteil AZ15
18:59:53 zeitreihe Stadtteil AZ16
18:59:54 zeitreihe Stadtteil AZ18
18:59:54 zeitreihe Stadtteil AZ17
18:59:56 zeitreihe Stadtteil AZ19
18:59:56 zeitreihe Stadtteil AZ99
18:59:56 zeitreihe Stadtteil AZ20
18:59:58 zeitreihe Stadtregion AE
18:59:58 zeitreihe Stadtregion NO
18:59:58 zeitreihe Stadtregion MI
19:00:00 zeitreihe Stadtregion NW
19:00:00 zeitreihe Stadtregion SW
19:00:00 zeitreihe Stadtregion SO
19:00:00 fertig in 95 s
